2026-01-26 21:10:37,256 - text - INFO - Starting multimodal sentiment classification experiment
2026-01-26 21:10:37,256 - text - INFO - Model type: text
2026-01-26 21:10:37,256 - text - INFO - Config: AbsoluteConfig(data_dir='/mnt/workspace/multimodel_experiment/data', dataset_subdir='dataset', train_file='/mnt/workspace/multimodel_experiment/data/train.txt', test_file='/mnt/workspace/multimodel_experiment/data/test_without_label.txt', text_model_name='/mnt/workspace/models/bert-base-uncased', image_model_name='resnet50', num_classes=3, text_finetune=True, image_finetune=True, text_hidden=256, image_hidden=256, max_seq_length=128, text_feature_dim=768, image_size=224, image_feature_dim=2048, batch_size=32, num_epochs=20, learning_rate=0.0001, weight_decay=1e-05, dropout_rate=0.3, fusion_hidden_dim=512, fusion_type='text', val_ratio=0.2, seed=42, early_stop_patience=5, device='cuda', model_save_dir='saved_models', results_dir='results', log_dir='logs')
2026-01-26 21:10:37,256 - text - INFO - Device: cuda
2026-01-26 21:10:38,017 - text - INFO - Created text model
2026-01-26 21:10:38,017 - text - INFO - Model parameters: 109,679,875
2026-01-26 21:10:38,229 - text - INFO - Starting training...
2026-01-26 21:10:43,138 - text - INFO - Epoch 1 Train - Loss: 0.8935, Acc: 0.6058, F1: 0.4861
2026-01-26 21:10:50,319 - text - INFO - Epoch 1 Val - Loss: 0.8697, Acc: 0.6258, F1: 0.4817
2026-01-26 21:10:54,940 - text - INFO - Epoch 2 Train - Loss: 0.7942, Acc: 0.6840, F1: 0.6395
2026-01-26 21:11:02,477 - text - INFO - Epoch 2 Val - Loss: 0.8006, Acc: 0.6319, F1: 0.5892
2026-01-26 21:11:07,128 - text - INFO - Epoch 3 Train - Loss: 0.5156, Acc: 0.8052, F1: 0.7618
2026-01-26 21:11:14,503 - text - INFO - Epoch 3 Val - Loss: 1.1224, Acc: 0.6810, F1: 0.6209
2026-01-26 21:11:19,168 - text - INFO - Epoch 4 Train - Loss: 0.3241, Acc: 0.8957, F1: 0.8912
2026-01-26 21:11:19,676 - text - INFO - Epoch 4 Val - Loss: 1.1307, Acc: 0.5706, F1: 0.5819
2026-01-26 21:11:24,355 - text - INFO - Epoch 5 Train - Loss: 0.2028, Acc: 0.9387, F1: 0.9391
2026-01-26 21:11:24,869 - text - INFO - Epoch 5 Val - Loss: 1.5264, Acc: 0.5399, F1: 0.5672
2026-01-26 21:11:29,523 - text - INFO - Epoch 6 Train - Loss: 0.1877, Acc: 0.9402, F1: 0.9415
2026-01-26 21:11:30,032 - text - INFO - Epoch 6 Val - Loss: 1.5633, Acc: 0.6810, F1: 0.6387
2026-01-26 21:11:34,688 - text - INFO - Epoch 7 Train - Loss: 0.0941, Acc: 0.9801, F1: 0.9799
2026-01-26 21:11:35,197 - text - INFO - Epoch 7 Val - Loss: 1.6840, Acc: 0.6810, F1: 0.6484
2026-01-26 21:11:35,197 - text - INFO - Early stopping triggered at epoch 7
2026-01-26 21:11:35,197 - text - INFO - Training completed. Best validation accuracy: 0.6810
