2026-01-26 19:08:05,735 - main_experiment - INFO - 
============================================================
2026-01-26 19:08:05,735 - main_experiment - INFO - 开始实验: early_fusion
2026-01-26 19:08:05,735 - main_experiment - INFO - ============================================================
2026-01-26 19:08:05,741 - main_experiment - INFO - 训练集: 3200 样本
2026-01-26 19:08:05,741 - main_experiment - INFO - 验证集: 801 样本
2026-01-26 19:09:45,468 - main_experiment - ERROR - 实验 early_fusion 失败: ReduceLROnPlateau.__init__() got an unexpected keyword argument 'verbose'
2026-01-26 19:09:45,471 - main_experiment - INFO - 
============================================================
2026-01-26 19:09:45,471 - main_experiment - INFO - 开始实验: late_fusion
2026-01-26 19:09:45,471 - main_experiment - INFO - ============================================================
2026-01-26 19:09:45,485 - main_experiment - INFO - 训练集: 3200 样本
2026-01-26 19:09:45,485 - main_experiment - INFO - 验证集: 801 样本
2026-01-26 19:09:46,492 - main_experiment - ERROR - 实验 late_fusion 失败: ReduceLROnPlateau.__init__() got an unexpected keyword argument 'verbose'
2026-01-26 19:09:46,499 - main_experiment - INFO - 
============================================================
2026-01-26 19:09:46,500 - main_experiment - INFO - 开始实验: attention_fusion
2026-01-26 19:09:46,500 - main_experiment - INFO - ============================================================
2026-01-26 19:09:46,504 - main_experiment - INFO - 训练集: 3200 样本
2026-01-26 19:09:46,504 - main_experiment - INFO - 验证集: 801 样本
2026-01-26 19:09:47,406 - main_experiment - ERROR - 实验 attention_fusion 失败: ReduceLROnPlateau.__init__() got an unexpected keyword argument 'verbose'
2026-01-26 19:09:47,415 - main_experiment - INFO - 
============================================================
2026-01-26 19:09:47,416 - main_experiment - INFO - 开始实验: gated_fusion
2026-01-26 19:09:47,416 - main_experiment - INFO - ============================================================
2026-01-26 19:09:47,420 - main_experiment - INFO - 训练集: 3200 样本
2026-01-26 19:09:47,420 - main_experiment - INFO - 验证集: 801 样本
2026-01-26 19:09:48,324 - main_experiment - ERROR - 实验 gated_fusion 失败: ReduceLROnPlateau.__init__() got an unexpected keyword argument 'verbose'
2026-01-26 19:09:48,330 - main_experiment - INFO - 
============================================================
2026-01-26 19:09:48,330 - main_experiment - INFO - 所有实验结果比较
2026-01-26 19:09:48,330 - main_experiment - INFO - ============================================================
2026-01-26 19:09:48,330 - main_experiment - INFO - early_fusion         F1: 0.0000
2026-01-26 19:09:48,330 - main_experiment - INFO - late_fusion          F1: 0.0000
2026-01-26 19:09:48,330 - main_experiment - INFO - attention_fusion     F1: 0.0000
2026-01-26 19:09:48,330 - main_experiment - INFO - gated_fusion         F1: 0.0000
2026-01-26 19:09:48,330 - main_experiment - INFO - 
汇总结果保存到: results/main_experiment_summary.json
