2026-01-26 22:39:11,090 - late - INFO - Starting multimodal sentiment classification experiment
2026-01-26 22:39:11,090 - late - INFO - Model type: late
2026-01-26 22:39:11,090 - late - INFO - Config: AbsoluteConfig(data_dir='/mnt/workspace/multimodel_experiment/data', dataset_subdir='dataset', train_file='/mnt/workspace/multimodel_experiment/data/train.txt', test_file='/mnt/workspace/multimodel_experiment/data/test_without_label.txt', text_model_name='/mnt/workspace/models/bert-base-uncased', image_model_name='resnet50', num_classes=3, text_finetune=True, image_finetune=True, text_hidden=256, image_hidden=256, max_seq_length=128, text_feature_dim=768, image_size=224, image_feature_dim=2048, batch_size=32, num_epochs=20, learning_rate=0.0001, weight_decay=1e-05, dropout_rate=0.3, fusion_hidden_dim=512, fusion_type='late', val_ratio=0.2, seed=42, early_stop_patience=5, device='cuda', model_save_dir='saved_models', results_dir='results', log_dir='logs')
2026-01-26 22:39:11,090 - late - INFO - Device: cuda
2026-01-26 22:39:12,061 - late - INFO - Created late model
2026-01-26 22:39:12,062 - late - INFO - Model parameters: 133,351,752
2026-01-26 22:39:12,292 - late - INFO - Starting training...
2026-01-26 22:39:19,173 - late - INFO - Epoch 1 Train - Loss: 0.9018, Acc: 0.6227, F1: 0.4779
2026-01-26 22:39:21,220 - late - INFO - Epoch 1 Val - Loss: 0.8507, Acc: 0.6258, F1: 0.4817
2026-01-26 22:39:27,569 - late - INFO - Epoch 2 Train - Loss: 0.8144, Acc: 0.6488, F1: 0.5776
2026-01-26 22:39:37,119 - late - INFO - Epoch 2 Val - Loss: 0.8870, Acc: 0.6810, F1: 0.5949
2026-01-26 22:39:43,513 - late - INFO - Epoch 3 Train - Loss: 0.6117, Acc: 0.7669, F1: 0.7232
2026-01-26 22:39:44,158 - late - INFO - Epoch 3 Val - Loss: 0.9261, Acc: 0.6748, F1: 0.6391
2026-01-26 22:39:50,543 - late - INFO - Epoch 4 Train - Loss: 0.3967, Acc: 0.8666, F1: 0.8456
2026-01-26 22:39:51,182 - late - INFO - Epoch 4 Val - Loss: 1.2123, Acc: 0.6748, F1: 0.6059
2026-01-26 22:39:57,555 - late - INFO - Epoch 5 Train - Loss: 0.2572, Acc: 0.9248, F1: 0.9215
2026-01-26 22:39:58,206 - late - INFO - Epoch 5 Val - Loss: 1.1444, Acc: 0.6810, F1: 0.6594
2026-01-26 22:40:04,632 - late - INFO - Epoch 6 Train - Loss: 0.2002, Acc: 0.9494, F1: 0.9488
2026-01-26 22:40:05,284 - late - INFO - Epoch 6 Val - Loss: 1.5592, Acc: 0.5951, F1: 0.6118
2026-01-26 22:40:11,739 - late - INFO - Epoch 7 Train - Loss: 0.1211, Acc: 0.9709, F1: 0.9710
2026-01-26 22:40:12,391 - late - INFO - Epoch 7 Val - Loss: 1.5513, Acc: 0.6319, F1: 0.6350
2026-01-26 22:40:12,392 - late - INFO - Early stopping triggered at epoch 7
2026-01-26 22:40:12,392 - late - INFO - Training completed. Best validation accuracy: 0.6810
2026-01-26 22:40:12,392 - late - INFO - 生成测试集预测...
2026-01-26 22:40:12,858 - late - INFO - 预测保存到: results/test_predictions_late.csv
